Archive member included because of file (symbol)

/home/egr/AM335X_StarterWare_02_00_01_01/binary/armv7a/gcc/utils/Debug/libutils.a(uartStdio.o)
                              Debug/T4-A1-3.o (UARTprintf)
/home/egr/AM335X_StarterWare_02_00_01_01/binary/armv7a/gcc/am335x/beaglebone/platform/Debug/libplatform.a(uartConsole.o)
                              /home/egr/AM335X_StarterWare_02_00_01_01/binary/armv7a/gcc/utils/Debug/libutils.a(uartStdio.o) (UARTConsoleInit)
/home/egr/AM335X_StarterWare_02_00_01_01/binary/armv7a/gcc/am335x/beaglebone/platform/Debug/libplatform.a(uart.o)
                              /home/egr/AM335X_StarterWare_02_00_01_01/binary/armv7a/gcc/am335x/beaglebone/platform/Debug/libplatform.a(uartConsole.o) (UARTPinMuxSetup)
/home/egr/AM335X_StarterWare_02_00_01_01/binary/armv7a/gcc/am335x/system_config/Debug/libsystem_config.a(init.o)
                              (Entry)
/home/egr/AM335X_StarterWare_02_00_01_01/binary/armv7a/gcc/am335x/system_config/Debug/libsystem_config.a(interrupt.o)
                              Debug/i2c.o (IntRegister)
/home/egr/AM335X_StarterWare_02_00_01_01/binary/armv7a/gcc/am335x/system_config/Debug/libsystem_config.a(startup.o)
                              /home/egr/AM335X_StarterWare_02_00_01_01/binary/armv7a/gcc/am335x/system_config/Debug/libsystem_config.a(init.o) (start_boot)
/home/egr/AM335X_StarterWare_02_00_01_01/binary/armv7a/gcc/am335x/system_config/Debug/libsystem_config.a(cp15.o)
                              /home/egr/AM335X_StarterWare_02_00_01_01/binary/armv7a/gcc/am335x/system_config/Debug/libsystem_config.a(startup.o) (CP15VectorBaseAddrSet)
/home/egr/AM335X_StarterWare_02_00_01_01/binary/armv7a/gcc/am335x/system_config/Debug/libsystem_config.a(cpu.o)
                              /home/egr/AM335X_StarterWare_02_00_01_01/binary/armv7a/gcc/am335x/system_config/Debug/libsystem_config.a(interrupt.o) (CPUIntStatus)
/home/egr/AM335X_StarterWare_02_00_01_01/binary/armv7a/gcc/am335x/system_config/Debug/libsystem_config.a(exceptionhandler.o)
                              /home/egr/AM335X_StarterWare_02_00_01_01/binary/armv7a/gcc/am335x/system_config/Debug/libsystem_config.a(startup.o) (IRQHandler)
/home/egr/gcc-arm-none-eabi-4_8-2013q4/lib/gcc/arm-none-eabi/4.8.3//libgcc.a(_udivsi3.o)
                              (__aeabi_uidiv)
/home/egr/gcc-arm-none-eabi-4_8-2013q4/lib/gcc/arm-none-eabi/4.8.3//libgcc.a(_divsi3.o)
                              (__aeabi_idiv)
/home/egr/gcc-arm-none-eabi-4_8-2013q4/lib/gcc/arm-none-eabi/4.8.3//libgcc.a(_dvmd_tls.o)
                              /home/egr/gcc-arm-none-eabi-4_8-2013q4/lib/gcc/arm-none-eabi/4.8.3//libgcc.a(_udivsi3.o) (__aeabi_idiv0)
/home/egr/AM335X_StarterWare_02_00_01_01/binary/armv7a/gcc/am335x/drivers/Debug/libdrivers.a(uart_irda_cir.o)
                              /home/egr/AM335X_StarterWare_02_00_01_01/binary/armv7a/gcc/am335x/beaglebone/platform/Debug/libplatform.a(uartConsole.o) (UARTOperatingModeSelect)

Allocating common symbols
Common symbol       size              file

dataSnd             0x32              Debug/i2c.o
stp                 0x1               Debug/IRSensors.o
transCount          0x4               Debug/i2c.o
dataRecv            0x32              Debug/i2c.o
recvCount           0x4               Debug/i2c.o
datarr1             0x1               Debug/IRSensors.o
datat1              0x2               Debug/IRSensors.o
data3               0x2               Debug/IRSensors.o
fnRAMVectors        0x200             /home/egr/AM335X_StarterWare_02_00_01_01/binary/armv7a/gcc/am335x/system_config/Debug/libsystem_config.a(interrupt.o)
datarw1             0x1               Debug/IRSensors.o

Discarded input sections

 .text          0x00000000        0x0 Debug/Conf_mod.o
 .data          0x00000000        0x0 Debug/Conf_mod.o
 .bss           0x00000000        0x0 Debug/Conf_mod.o
 .text          0x00000000        0x0 Debug/GPIO.o
 .data          0x00000000        0x0 Debug/GPIO.o
 .bss           0x00000000        0x0 Debug/GPIO.o
 .text.EGR_GPIODirSet
                0x00000000       0x94 Debug/GPIO.o
 .text.EGR_PinWrite
                0x00000000       0x94 Debug/GPIO.o
 .text.EGR_PinRead
                0x00000000       0x60 Debug/GPIO.o
 .debug_info    0x00000000       0xe6 Debug/GPIO.o
 .debug_abbrev  0x00000000       0x62 Debug/GPIO.o
 .debug_aranges
                0x00000000       0x30 Debug/GPIO.o
 .debug_ranges  0x00000000       0x20 Debug/GPIO.o
 .debug_line    0x00000000       0x6c Debug/GPIO.o
 .debug_str     0x00000000      0x157 Debug/GPIO.o
 .comment       0x00000000       0x71 Debug/GPIO.o
 .ARM.attributes
                0x00000000       0x37 Debug/GPIO.o
 .debug_frame   0x00000000       0x58 Debug/GPIO.o
 .text          0x00000000        0x0 Debug/IRSensors.o
 .data          0x00000000        0x0 Debug/IRSensors.o
 .bss           0x00000000        0x0 Debug/IRSensors.o
 .text          0x00000000        0x0 Debug/T4-A1-3.o
 .data          0x00000000        0x0 Debug/T4-A1-3.o
 .bss           0x00000000        0x0 Debug/T4-A1-3.o
 .text          0x00000000        0x0 Debug/delay_ms.o
 .data          0x00000000        0x0 Debug/delay_ms.o
 .bss           0x00000000        0x0 Debug/delay_ms.o
 .text          0x00000000        0x0 Debug/i2c.o
 .data          0x00000000        0x0 Debug/i2c.o
 .bss           0x00000000        0x0 Debug/i2c.o
 .text.CleanUpInterrupts
                0x00000000       0x54 Debug/i2c.o
 .text          0x00000000        0x0 /home/egr/AM335X_StarterWare_02_00_01_01/binary/armv7a/gcc/utils/Debug/libutils.a(uartStdio.o)
 .data          0x00000000        0x0 /home/egr/AM335X_StarterWare_02_00_01_01/binary/armv7a/gcc/utils/Debug/libutils.a(uartStdio.o)
 .bss           0x00000000        0x0 /home/egr/AM335X_StarterWare_02_00_01_01/binary/armv7a/gcc/utils/Debug/libutils.a(uartStdio.o)
 .text.UARTStdioInit
                0x00000000       0x18 /home/egr/AM335X_StarterWare_02_00_01_01/binary/armv7a/gcc/utils/Debug/libutils.a(uartStdio.o)
 .text.UARTPuts
                0x00000000       0xdc /home/egr/AM335X_StarterWare_02_00_01_01/binary/armv7a/gcc/utils/Debug/libutils.a(uartStdio.o)
 .text.UARTGets
                0x00000000       0xdc /home/egr/AM335X_StarterWare_02_00_01_01/binary/armv7a/gcc/utils/Debug/libutils.a(uartStdio.o)
 .text.UARTPutNum
                0x00000000      0x1d8 /home/egr/AM335X_StarterWare_02_00_01_01/binary/armv7a/gcc/utils/Debug/libutils.a(uartStdio.o)
 .text.UARTPutHexNum
                0x00000000      0x194 /home/egr/AM335X_StarterWare_02_00_01_01/binary/armv7a/gcc/utils/Debug/libutils.a(uartStdio.o)
 .text.UARTGetNum
                0x00000000      0x114 /home/egr/AM335X_StarterWare_02_00_01_01/binary/armv7a/gcc/utils/Debug/libutils.a(uartStdio.o)
 .text.UARTGetHexNum
                0x00000000      0x2dc /home/egr/AM335X_StarterWare_02_00_01_01/binary/armv7a/gcc/utils/Debug/libutils.a(uartStdio.o)
 .text.UARTGetc
                0x00000000       0x20 /home/egr/AM335X_StarterWare_02_00_01_01/binary/armv7a/gcc/utils/Debug/libutils.a(uartStdio.o)
 .text          0x00000000        0x0 /home/egr/AM335X_StarterWare_02_00_01_01/binary/armv7a/gcc/am335x/beaglebone/platform/Debug/libplatform.a(uartConsole.o)
 .data          0x00000000        0x0 /home/egr/AM335X_StarterWare_02_00_01_01/binary/armv7a/gcc/am335x/beaglebone/platform/Debug/libplatform.a(uartConsole.o)
 .bss           0x00000000        0x0 /home/egr/AM335X_StarterWare_02_00_01_01/binary/armv7a/gcc/am335x/beaglebone/platform/Debug/libplatform.a(uartConsole.o)
 .text.UARTStdioInitExpClk
                0x00000000       0xd0 /home/egr/AM335X_StarterWare_02_00_01_01/binary/armv7a/gcc/am335x/beaglebone/platform/Debug/libplatform.a(uartConsole.o)
 .text.UartFIFOConfigure
                0x00000000       0x64 /home/egr/AM335X_StarterWare_02_00_01_01/binary/armv7a/gcc/am335x/beaglebone/platform/Debug/libplatform.a(uartConsole.o)
 .text.UartBaudRateSet
                0x00000000       0x60 /home/egr/AM335X_StarterWare_02_00_01_01/binary/armv7a/gcc/am335x/beaglebone/platform/Debug/libplatform.a(uartConsole.o)
 .text.UARTConsoleInit
                0x00000000       0x44 /home/egr/AM335X_StarterWare_02_00_01_01/binary/armv7a/gcc/am335x/beaglebone/platform/Debug/libplatform.a(uartConsole.o)
 .text.UARTConsoleGetc
                0x00000000       0x30 /home/egr/AM335X_StarterWare_02_00_01_01/binary/armv7a/gcc/am335x/beaglebone/platform/Debug/libplatform.a(uartConsole.o)
 .text          0x00000000        0x0 /home/egr/AM335X_StarterWare_02_00_01_01/binary/armv7a/gcc/am335x/beaglebone/platform/Debug/libplatform.a(uart.o)
 .data          0x00000000        0x0 /home/egr/AM335X_StarterWare_02_00_01_01/binary/armv7a/gcc/am335x/beaglebone/platform/Debug/libplatform.a(uart.o)
 .bss           0x00000000        0x0 /home/egr/AM335X_StarterWare_02_00_01_01/binary/armv7a/gcc/am335x/beaglebone/platform/Debug/libplatform.a(uart.o)
 .debug_abbrev  0x00000000       0x5c /home/egr/AM335X_StarterWare_02_00_01_01/binary/armv7a/gcc/am335x/beaglebone/platform/Debug/libplatform.a(uart.o)
 .debug_info    0x00000000       0x75 /home/egr/AM335X_StarterWare_02_00_01_01/binary/armv7a/gcc/am335x/beaglebone/platform/Debug/libplatform.a(uart.o)
 .debug_line    0x00000000       0x98 /home/egr/AM335X_StarterWare_02_00_01_01/binary/armv7a/gcc/am335x/beaglebone/platform/Debug/libplatform.a(uart.o)
 .text.UARTPinMuxSetup
                0x00000000       0x48 /home/egr/AM335X_StarterWare_02_00_01_01/binary/armv7a/gcc/am335x/beaglebone/platform/Debug/libplatform.a(uart.o)
 .text.UART0ModuleClkConfig
                0x00000000      0x308 /home/egr/AM335X_StarterWare_02_00_01_01/binary/armv7a/gcc/am335x/beaglebone/platform/Debug/libplatform.a(uart.o)
 .debug_frame   0x00000000       0x40 /home/egr/AM335X_StarterWare_02_00_01_01/binary/armv7a/gcc/am335x/beaglebone/platform/Debug/libplatform.a(uart.o)
 .debug_loc     0x00000000       0x56 /home/egr/AM335X_StarterWare_02_00_01_01/binary/armv7a/gcc/am335x/beaglebone/platform/Debug/libplatform.a(uart.o)
 .debug_pubnames
                0x00000000       0x3f /home/egr/AM335X_StarterWare_02_00_01_01/binary/armv7a/gcc/am335x/beaglebone/platform/Debug/libplatform.a(uart.o)
 .debug_aranges
                0x00000000       0x28 /home/egr/AM335X_StarterWare_02_00_01_01/binary/armv7a/gcc/am335x/beaglebone/platform/Debug/libplatform.a(uart.o)
 .debug_ranges  0x00000000       0x20 /home/egr/AM335X_StarterWare_02_00_01_01/binary/armv7a/gcc/am335x/beaglebone/platform/Debug/libplatform.a(uart.o)
 .debug_str     0x00000000       0xd7 /home/egr/AM335X_StarterWare_02_00_01_01/binary/armv7a/gcc/am335x/beaglebone/platform/Debug/libplatform.a(uart.o)
 .comment       0x00000000       0x2b /home/egr/AM335X_StarterWare_02_00_01_01/binary/armv7a/gcc/am335x/beaglebone/platform/Debug/libplatform.a(uart.o)
 .ARM.attributes
                0x00000000       0x33 /home/egr/AM335X_StarterWare_02_00_01_01/binary/armv7a/gcc/am335x/beaglebone/platform/Debug/libplatform.a(uart.o)
 .data          0x00000000        0x0 /home/egr/AM335X_StarterWare_02_00_01_01/binary/armv7a/gcc/am335x/system_config/Debug/libsystem_config.a(init.o)
 .bss           0x00000000        0x0 /home/egr/AM335X_StarterWare_02_00_01_01/binary/armv7a/gcc/am335x/system_config/Debug/libsystem_config.a(init.o)
 .text          0x00000000        0x0 /home/egr/AM335X_StarterWare_02_00_01_01/binary/armv7a/gcc/am335x/system_config/Debug/libsystem_config.a(interrupt.o)
 .data          0x00000000        0x0 /home/egr/AM335X_StarterWare_02_00_01_01/binary/armv7a/gcc/am335x/system_config/Debug/libsystem_config.a(interrupt.o)
 .bss           0x00000000        0x0 /home/egr/AM335X_StarterWare_02_00_01_01/binary/armv7a/gcc/am335x/system_config/Debug/libsystem_config.a(interrupt.o)
 .text.IntUnRegister
                0x00000000       0x34 /home/egr/AM335X_StarterWare_02_00_01_01/binary/armv7a/gcc/am335x/system_config/Debug/libsystem_config.a(interrupt.o)
 .text.IntSystemDisable
                0x00000000       0x4c /home/egr/AM335X_StarterWare_02_00_01_01/binary/armv7a/gcc/am335x/system_config/Debug/libsystem_config.a(interrupt.o)
 .text.IntIfClkFreeRunSet
                0x00000000       0x30 /home/egr/AM335X_StarterWare_02_00_01_01/binary/armv7a/gcc/am335x/system_config/Debug/libsystem_config.a(interrupt.o)
 .text.IntIfClkAutoGateSet
                0x00000000       0x30 /home/egr/AM335X_StarterWare_02_00_01_01/binary/armv7a/gcc/am335x/system_config/Debug/libsystem_config.a(interrupt.o)
 .text.IntActiveIrqNumGet
                0x00000000       0x28 /home/egr/AM335X_StarterWare_02_00_01_01/binary/armv7a/gcc/am335x/system_config/Debug/libsystem_config.a(interrupt.o)
 .text.IntSpurIrqFlagGet
                0x00000000       0x28 /home/egr/AM335X_StarterWare_02_00_01_01/binary/armv7a/gcc/am335x/system_config/Debug/libsystem_config.a(interrupt.o)
 .text.IntProtectionEnable
                0x00000000       0x24 /home/egr/AM335X_StarterWare_02_00_01_01/binary/armv7a/gcc/am335x/system_config/Debug/libsystem_config.a(interrupt.o)
 .text.IntProtectionDisable
                0x00000000       0x30 /home/egr/AM335X_StarterWare_02_00_01_01/binary/armv7a/gcc/am335x/system_config/Debug/libsystem_config.a(interrupt.o)
 .text.IntSyncClkFreeRunSet
                0x00000000       0x30 /home/egr/AM335X_StarterWare_02_00_01_01/binary/armv7a/gcc/am335x/system_config/Debug/libsystem_config.a(interrupt.o)
 .text.IntSyncClkAutoGateSet
                0x00000000       0x30 /home/egr/AM335X_StarterWare_02_00_01_01/binary/armv7a/gcc/am335x/system_config/Debug/libsystem_config.a(interrupt.o)
 .text.IntFuncClkFreeRunSet
                0x00000000       0x30 /home/egr/AM335X_StarterWare_02_00_01_01/binary/armv7a/gcc/am335x/system_config/Debug/libsystem_config.a(interrupt.o)
 .text.IntFuncClkAutoGateSet
                0x00000000       0x30 /home/egr/AM335X_StarterWare_02_00_01_01/binary/armv7a/gcc/am335x/system_config/Debug/libsystem_config.a(interrupt.o)
 .text.IntCurrIrqPriorityGet
                0x00000000       0x28 /home/egr/AM335X_StarterWare_02_00_01_01/binary/armv7a/gcc/am335x/system_config/Debug/libsystem_config.a(interrupt.o)
 .text.IntPriorityThresholdGet
                0x00000000       0x28 /home/egr/AM335X_StarterWare_02_00_01_01/binary/armv7a/gcc/am335x/system_config/Debug/libsystem_config.a(interrupt.o)
 .text.IntPriorityThresholdSet
                0x00000000       0x30 /home/egr/AM335X_StarterWare_02_00_01_01/binary/armv7a/gcc/am335x/system_config/Debug/libsystem_config.a(interrupt.o)
 .text.IntRawStatusGet
                0x00000000       0x4c /home/egr/AM335X_StarterWare_02_00_01_01/binary/armv7a/gcc/am335x/system_config/Debug/libsystem_config.a(interrupt.o)
 .text.IntSoftwareIntSet
                0x00000000       0x4c /home/egr/AM335X_StarterWare_02_00_01_01/binary/armv7a/gcc/am335x/system_config/Debug/libsystem_config.a(interrupt.o)
 .text.IntSoftwareIntClear
                0x00000000       0x4c /home/egr/AM335X_StarterWare_02_00_01_01/binary/armv7a/gcc/am335x/system_config/Debug/libsystem_config.a(interrupt.o)
 .text.IntPendingIrqMaskedStatusGet
                0x00000000       0x54 /home/egr/AM335X_StarterWare_02_00_01_01/binary/armv7a/gcc/am335x/system_config/Debug/libsystem_config.a(interrupt.o)
 .text.IntMasterIRQDisable
                0x00000000       0x18 /home/egr/AM335X_StarterWare_02_00_01_01/binary/armv7a/gcc/am335x/system_config/Debug/libsystem_config.a(interrupt.o)
 .text.IntMasterFIQEnable
                0x00000000       0x18 /home/egr/AM335X_StarterWare_02_00_01_01/binary/armv7a/gcc/am335x/system_config/Debug/libsystem_config.a(interrupt.o)
 .text.IntMasterFIQDisable
                0x00000000       0x18 /home/egr/AM335X_StarterWare_02_00_01_01/binary/armv7a/gcc/am335x/system_config/Debug/libsystem_config.a(interrupt.o)
 .text.IntMasterStatusGet
                0x00000000       0x20 /home/egr/AM335X_StarterWare_02_00_01_01/binary/armv7a/gcc/am335x/system_config/Debug/libsystem_config.a(interrupt.o)
 .text.IntDisable
                0x00000000       0x3c /home/egr/AM335X_StarterWare_02_00_01_01/binary/armv7a/gcc/am335x/system_config/Debug/libsystem_config.a(interrupt.o)
 .text.IntEnable
                0x00000000       0x38 /home/egr/AM335X_StarterWare_02_00_01_01/binary/armv7a/gcc/am335x/system_config/Debug/libsystem_config.a(interrupt.o)
 .text          0x00000000        0x0 /home/egr/AM335X_StarterWare_02_00_01_01/binary/armv7a/gcc/am335x/system_config/Debug/libsystem_config.a(startup.o)
 .data          0x00000000        0x0 /home/egr/AM335X_StarterWare_02_00_01_01/binary/armv7a/gcc/am335x/system_config/Debug/libsystem_config.a(startup.o)
 .bss           0x00000000        0x0 /home/egr/AM335X_StarterWare_02_00_01_01/binary/armv7a/gcc/am335x/system_config/Debug/libsystem_config.a(startup.o)
 .data          0x00000000        0x0 /home/egr/AM335X_StarterWare_02_00_01_01/binary/armv7a/gcc/am335x/system_config/Debug/libsystem_config.a(cp15.o)
 .bss           0x00000000        0x0 /home/egr/AM335X_StarterWare_02_00_01_01/binary/armv7a/gcc/am335x/system_config/Debug/libsystem_config.a(cp15.o)
 .text          0x00000000        0x0 /home/egr/AM335X_StarterWare_02_00_01_01/binary/armv7a/gcc/am335x/system_config/Debug/libsystem_config.a(cpu.o)
 .data          0x00000000        0x0 /home/egr/AM335X_StarterWare_02_00_01_01/binary/armv7a/gcc/am335x/system_config/Debug/libsystem_config.a(cpu.o)
 .bss           0x00000000        0x0 /home/egr/AM335X_StarterWare_02_00_01_01/binary/armv7a/gcc/am335x/system_config/Debug/libsystem_config.a(cpu.o)
 .text.CPUSwitchToPrivilegedMode
                0x00000000       0x18 /home/egr/AM335X_StarterWare_02_00_01_01/binary/armv7a/gcc/am335x/system_config/Debug/libsystem_config.a(cpu.o)
 .text.CPUSwitchToUserMode
                0x00000000       0x24 /home/egr/AM335X_StarterWare_02_00_01_01/binary/armv7a/gcc/am335x/system_config/Debug/libsystem_config.a(cpu.o)
 .text.CPUAbortHandler
                0x00000000       0x14 /home/egr/AM335X_StarterWare_02_00_01_01/binary/armv7a/gcc/am335x/system_config/Debug/libsystem_config.a(cpu.o)
 .text.CPUIntStatus
                0x00000000       0x2c /home/egr/AM335X_StarterWare_02_00_01_01/binary/armv7a/gcc/am335x/system_config/Debug/libsystem_config.a(cpu.o)
 .text.CPUirqd  0x00000000       0x20 /home/egr/AM335X_StarterWare_02_00_01_01/binary/armv7a/gcc/am335x/system_config/Debug/libsystem_config.a(cpu.o)
 .text.CPUfiqd  0x00000000       0x20 /home/egr/AM335X_StarterWare_02_00_01_01/binary/armv7a/gcc/am335x/system_config/Debug/libsystem_config.a(cpu.o)
 .text.CPUfiqe  0x00000000       0x20 /home/egr/AM335X_StarterWare_02_00_01_01/binary/armv7a/gcc/am335x/system_config/Debug/libsystem_config.a(cpu.o)
 .data          0x00000000        0x0 /home/egr/AM335X_StarterWare_02_00_01_01/binary/armv7a/gcc/am335x/system_config/Debug/libsystem_config.a(exceptionhandler.o)
 .bss           0x00000000        0x0 /home/egr/AM335X_StarterWare_02_00_01_01/binary/armv7a/gcc/am335x/system_config/Debug/libsystem_config.a(exceptionhandler.o)
 .data          0x00000000        0x0 /home/egr/gcc-arm-none-eabi-4_8-2013q4/lib/gcc/arm-none-eabi/4.8.3//libgcc.a(_udivsi3.o)
 .bss           0x00000000        0x0 /home/egr/gcc-arm-none-eabi-4_8-2013q4/lib/gcc/arm-none-eabi/4.8.3//libgcc.a(_udivsi3.o)
 .data          0x00000000        0x0 /home/egr/gcc-arm-none-eabi-4_8-2013q4/lib/gcc/arm-none-eabi/4.8.3//libgcc.a(_divsi3.o)
 .bss           0x00000000        0x0 /home/egr/gcc-arm-none-eabi-4_8-2013q4/lib/gcc/arm-none-eabi/4.8.3//libgcc.a(_divsi3.o)
 .data          0x00000000        0x0 /home/egr/gcc-arm-none-eabi-4_8-2013q4/lib/gcc/arm-none-eabi/4.8.3//libgcc.a(_dvmd_tls.o)
 .bss           0x00000000        0x0 /home/egr/gcc-arm-none-eabi-4_8-2013q4/lib/gcc/arm-none-eabi/4.8.3//libgcc.a(_dvmd_tls.o)
 .text          0x00000000        0x0 /home/egr/AM335X_StarterWare_02_00_01_01/binary/armv7a/gcc/am335x/drivers/Debug/libdrivers.a(uart_irda_cir.o)
 .data          0x00000000        0x0 /home/egr/AM335X_StarterWare_02_00_01_01/binary/armv7a/gcc/am335x/drivers/Debug/libdrivers.a(uart_irda_cir.o)
 .bss           0x00000000        0x0 /home/egr/AM335X_StarterWare_02_00_01_01/binary/armv7a/gcc/am335x/drivers/Debug/libdrivers.a(uart_irda_cir.o)
 .text.UARTOperatingModeSelect
                0x00000000       0x8c /home/egr/AM335X_StarterWare_02_00_01_01/binary/armv7a/gcc/am335x/drivers/Debug/libdrivers.a(uart_irda_cir.o)
 .text.UARTDivisorValCompute
                0x00000000       0xfc /home/egr/AM335X_StarterWare_02_00_01_01/binary/armv7a/gcc/am335x/drivers/Debug/libdrivers.a(uart_irda_cir.o)
 .text.UARTDivisorLatchWrite
                0x00000000      0x22c /home/egr/AM335X_StarterWare_02_00_01_01/binary/armv7a/gcc/am335x/drivers/Debug/libdrivers.a(uart_irda_cir.o)
 .text.UARTDivisorLatchEnable
                0x00000000       0x3c /home/egr/AM335X_StarterWare_02_00_01_01/binary/armv7a/gcc/am335x/drivers/Debug/libdrivers.a(uart_irda_cir.o)
 .text.UARTDivisorLatchDisable
                0x00000000       0x3c /home/egr/AM335X_StarterWare_02_00_01_01/binary/armv7a/gcc/am335x/drivers/Debug/libdrivers.a(uart_irda_cir.o)
 .text.UARTRegConfModeRestore
                0x00000000       0x34 /home/egr/AM335X_StarterWare_02_00_01_01/binary/armv7a/gcc/am335x/drivers/Debug/libdrivers.a(uart_irda_cir.o)
 .text.UARTBreakCtl
                0x00000000       0x68 /home/egr/AM335X_StarterWare_02_00_01_01/binary/armv7a/gcc/am335x/drivers/Debug/libdrivers.a(uart_irda_cir.o)
 .text.UARTLineCharacConfig
                0x00000000       0xb4 /home/egr/AM335X_StarterWare_02_00_01_01/binary/armv7a/gcc/am335x/drivers/Debug/libdrivers.a(uart_irda_cir.o)
 .text.UARTParityModeSet
                0x00000000       0x68 /home/egr/AM335X_StarterWare_02_00_01_01/binary/armv7a/gcc/am335x/drivers/Debug/libdrivers.a(uart_irda_cir.o)
 .text.UARTParityModeGet
                0x00000000       0x30 /home/egr/AM335X_StarterWare_02_00_01_01/binary/armv7a/gcc/am335x/drivers/Debug/libdrivers.a(uart_irda_cir.o)
 .text.UARTFIFOConfig
                0x00000000      0x48c /home/egr/AM335X_StarterWare_02_00_01_01/binary/armv7a/gcc/am335x/drivers/Debug/libdrivers.a(uart_irda_cir.o)
 .text.UARTDMAEnable
                0x00000000       0x8c /home/egr/AM335X_StarterWare_02_00_01_01/binary/armv7a/gcc/am335x/drivers/Debug/libdrivers.a(uart_irda_cir.o)
 .text.UARTDMADisable
                0x00000000       0x5c /home/egr/AM335X_StarterWare_02_00_01_01/binary/armv7a/gcc/am335x/drivers/Debug/libdrivers.a(uart_irda_cir.o)
 .text.UARTFIFORegisterWrite
                0x00000000       0xa0 /home/egr/AM335X_StarterWare_02_00_01_01/binary/armv7a/gcc/am335x/drivers/Debug/libdrivers.a(uart_irda_cir.o)
 .text.UARTEnhanFuncEnable
                0x00000000       0x94 /home/egr/AM335X_StarterWare_02_00_01_01/binary/armv7a/gcc/am335x/drivers/Debug/libdrivers.a(uart_irda_cir.o)
 .text.UARTEnhanFuncBitValRestore
                0x00000000       0x9c /home/egr/AM335X_StarterWare_02_00_01_01/binary/armv7a/gcc/am335x/drivers/Debug/libdrivers.a(uart_irda_cir.o)
 .text.UARTSubConfigMSRSPRModeEn
                0x00000000      0x13c /home/egr/AM335X_StarterWare_02_00_01_01/binary/armv7a/gcc/am335x/drivers/Debug/libdrivers.a(uart_irda_cir.o)
 .text.UARTSubConfigTCRTLRModeEn
                0x00000000      0x13c /home/egr/AM335X_StarterWare_02_00_01_01/binary/armv7a/gcc/am335x/drivers/Debug/libdrivers.a(uart_irda_cir.o)
 .text.UARTSubConfigXOFFModeEn
                0x00000000      0x13c /home/egr/AM335X_StarterWare_02_00_01_01/binary/armv7a/gcc/am335x/drivers/Debug/libdrivers.a(uart_irda_cir.o)
 .text.UARTTCRTLRBitValRestore
                0x00000000      0x144 /home/egr/AM335X_StarterWare_02_00_01_01/binary/armv7a/gcc/am335x/drivers/Debug/libdrivers.a(uart_irda_cir.o)
 .text.UARTIntEnable
                0x00000000      0x14c /home/egr/AM335X_StarterWare_02_00_01_01/binary/armv7a/gcc/am335x/drivers/Debug/libdrivers.a(uart_irda_cir.o)
 .text.UARTIntDisable
                0x00000000      0x128 /home/egr/AM335X_StarterWare_02_00_01_01/binary/armv7a/gcc/am335x/drivers/Debug/libdrivers.a(uart_irda_cir.o)
 .text.UARTSpaceAvail
                0x00000000       0x80 /home/egr/AM335X_StarterWare_02_00_01_01/binary/armv7a/gcc/am335x/drivers/Debug/libdrivers.a(uart_irda_cir.o)
 .text.UARTCharsAvail
                0x00000000       0x84 /home/egr/AM335X_StarterWare_02_00_01_01/binary/armv7a/gcc/am335x/drivers/Debug/libdrivers.a(uart_irda_cir.o)
 .text.UARTCharPutNonBlocking
                0x00000000       0x94 /home/egr/AM335X_StarterWare_02_00_01_01/binary/armv7a/gcc/am335x/drivers/Debug/libdrivers.a(uart_irda_cir.o)
 .text.UARTCharGetNonBlocking
                0x00000000       0x8c /home/egr/AM335X_StarterWare_02_00_01_01/binary/armv7a/gcc/am335x/drivers/Debug/libdrivers.a(uart_irda_cir.o)
 .text.UARTCharGet
                0x00000000       0x88 /home/egr/AM335X_StarterWare_02_00_01_01/binary/armv7a/gcc/am335x/drivers/Debug/libdrivers.a(uart_irda_cir.o)
 .text.UARTRxErrorGet
                0x00000000       0x74 /home/egr/AM335X_StarterWare_02_00_01_01/binary/armv7a/gcc/am335x/drivers/Debug/libdrivers.a(uart_irda_cir.o)
 .text.UARTIntIdentityGet
                0x00000000       0x74 /home/egr/AM335X_StarterWare_02_00_01_01/binary/armv7a/gcc/am335x/drivers/Debug/libdrivers.a(uart_irda_cir.o)
 .text.UARTIntPendingStatusGet
                0x00000000       0x80 /home/egr/AM335X_StarterWare_02_00_01_01/binary/armv7a/gcc/am335x/drivers/Debug/libdrivers.a(uart_irda_cir.o)
 .text.UARTFIFOEnableStatusGet
                0x00000000       0x80 /home/egr/AM335X_StarterWare_02_00_01_01/binary/armv7a/gcc/am335x/drivers/Debug/libdrivers.a(uart_irda_cir.o)
 .text.UARTAutoRTSAutoCTSControl
                0x00000000       0xc8 /home/egr/AM335X_StarterWare_02_00_01_01/binary/armv7a/gcc/am335x/drivers/Debug/libdrivers.a(uart_irda_cir.o)
 .text.UARTSpecialCharDetectControl
                0x00000000       0x9c /home/egr/AM335X_StarterWare_02_00_01_01/binary/armv7a/gcc/am335x/drivers/Debug/libdrivers.a(uart_irda_cir.o)
 .text.UARTSoftwareFlowCtrlOptSet
                0x00000000       0x9c /home/egr/AM335X_StarterWare_02_00_01_01/binary/armv7a/gcc/am335x/drivers/Debug/libdrivers.a(uart_irda_cir.o)
 .text.UARTPulseShapingControl
                0x00000000       0x68 /home/egr/AM335X_StarterWare_02_00_01_01/binary/armv7a/gcc/am335x/drivers/Debug/libdrivers.a(uart_irda_cir.o)
 .text.UARTModuleReset
                0x00000000       0x54 /home/egr/AM335X_StarterWare_02_00_01_01/binary/armv7a/gcc/am335x/drivers/Debug/libdrivers.a(uart_irda_cir.o)
 .text.UARTIdleModeConfigure
                0x00000000       0x68 /home/egr/AM335X_StarterWare_02_00_01_01/binary/armv7a/gcc/am335x/drivers/Debug/libdrivers.a(uart_irda_cir.o)
 .text.UARTWakeUpControl
                0x00000000       0x68 /home/egr/AM335X_StarterWare_02_00_01_01/binary/armv7a/gcc/am335x/drivers/Debug/libdrivers.a(uart_irda_cir.o)
 .text.UARTAutoIdleModeControl
                0x00000000       0x68 /home/egr/AM335X_StarterWare_02_00_01_01/binary/armv7a/gcc/am335x/drivers/Debug/libdrivers.a(uart_irda_cir.o)
 .text.UARTFlowCtrlTrigLvlConfig
                0x00000000       0x64 /home/egr/AM335X_StarterWare_02_00_01_01/binary/armv7a/gcc/am335x/drivers/Debug/libdrivers.a(uart_irda_cir.o)
 .text.UARTXON1XOFF1ValProgram
                0x00000000       0x54 /home/egr/AM335X_StarterWare_02_00_01_01/binary/armv7a/gcc/am335x/drivers/Debug/libdrivers.a(uart_irda_cir.o)
 .text.UARTXON2XOFF2ValProgram
                0x00000000       0x54 /home/egr/AM335X_StarterWare_02_00_01_01/binary/armv7a/gcc/am335x/drivers/Debug/libdrivers.a(uart_irda_cir.o)
 .text.UARTXONAnyFeatureControl
                0x00000000      0x11c /home/egr/AM335X_StarterWare_02_00_01_01/binary/armv7a/gcc/am335x/drivers/Debug/libdrivers.a(uart_irda_cir.o)
 .text.UARTLoopbackModeControl
                0x00000000       0x68 /home/egr/AM335X_StarterWare_02_00_01_01/binary/armv7a/gcc/am335x/drivers/Debug/libdrivers.a(uart_irda_cir.o)
 .text.UARTModemControlSet
                0x00000000       0x48 /home/egr/AM335X_StarterWare_02_00_01_01/binary/armv7a/gcc/am335x/drivers/Debug/libdrivers.a(uart_irda_cir.o)
 .text.UARTModemControlClear
                0x00000000       0x4c /home/egr/AM335X_StarterWare_02_00_01_01/binary/armv7a/gcc/am335x/drivers/Debug/libdrivers.a(uart_irda_cir.o)
 .text.UARTModemStatusGet
                0x00000000       0x30 /home/egr/AM335X_StarterWare_02_00_01_01/binary/armv7a/gcc/am335x/drivers/Debug/libdrivers.a(uart_irda_cir.o)
 .text.UARTModemStatusChangeCheck
                0x00000000       0x30 /home/egr/AM335X_StarterWare_02_00_01_01/binary/armv7a/gcc/am335x/drivers/Debug/libdrivers.a(uart_irda_cir.o)
 .text.UARTResumeOperation
                0x00000000       0x28 /home/egr/AM335X_StarterWare_02_00_01_01/binary/armv7a/gcc/am335x/drivers/Debug/libdrivers.a(uart_irda_cir.o)
 .text.UARTWakeUpEventsEnable
                0x00000000       0x48 /home/egr/AM335X_StarterWare_02_00_01_01/binary/armv7a/gcc/am335x/drivers/Debug/libdrivers.a(uart_irda_cir.o)
 .text.UARTWakeUpEventsDisable
                0x00000000       0x4c /home/egr/AM335X_StarterWare_02_00_01_01/binary/armv7a/gcc/am335x/drivers/Debug/libdrivers.a(uart_irda_cir.o)
 .text.UARTFIFOTrigLvlGranControl
                0x00000000       0x94 /home/egr/AM335X_StarterWare_02_00_01_01/binary/armv7a/gcc/am335x/drivers/Debug/libdrivers.a(uart_irda_cir.o)
 .text.UARTDSRInterruptControl
                0x00000000       0x68 /home/egr/AM335X_StarterWare_02_00_01_01/binary/armv7a/gcc/am335x/drivers/Debug/libdrivers.a(uart_irda_cir.o)
 .text.UARTTxEmptyIntControl
                0x00000000       0x68 /home/egr/AM335X_StarterWare_02_00_01_01/binary/armv7a/gcc/am335x/drivers/Debug/libdrivers.a(uart_irda_cir.o)
 .text.UARTRXCTSDSRWakeUpConfigure
                0x00000000       0x68 /home/egr/AM335X_StarterWare_02_00_01_01/binary/armv7a/gcc/am335x/drivers/Debug/libdrivers.a(uart_irda_cir.o)
 .text.UARTRXCTSDSRTransitionStatusGet
                0x00000000       0x30 /home/egr/AM335X_StarterWare_02_00_01_01/binary/armv7a/gcc/am335x/drivers/Debug/libdrivers.a(uart_irda_cir.o)
 .text.UARTDMACounterResetControl
                0x00000000       0x68 /home/egr/AM335X_StarterWare_02_00_01_01/binary/armv7a/gcc/am335x/drivers/Debug/libdrivers.a(uart_irda_cir.o)
 .text.UARTTxFIFOFullStatusGet
                0x00000000       0x30 /home/egr/AM335X_StarterWare_02_00_01_01/binary/armv7a/gcc/am335x/drivers/Debug/libdrivers.a(uart_irda_cir.o)
 .text.UARTAutobaudParityGet
                0x00000000       0x74 /home/egr/AM335X_StarterWare_02_00_01_01/binary/armv7a/gcc/am335x/drivers/Debug/libdrivers.a(uart_irda_cir.o)
 .text.UARTAutobaudWordLenGet
                0x00000000       0x74 /home/egr/AM335X_StarterWare_02_00_01_01/binary/armv7a/gcc/am335x/drivers/Debug/libdrivers.a(uart_irda_cir.o)
 .text.UARTAutobaudSpeedGet
                0x00000000       0x74 /home/egr/AM335X_StarterWare_02_00_01_01/binary/armv7a/gcc/am335x/drivers/Debug/libdrivers.a(uart_irda_cir.o)
 .text.UARTScratchPadRegWrite
                0x00000000       0x68 /home/egr/AM335X_StarterWare_02_00_01_01/binary/armv7a/gcc/am335x/drivers/Debug/libdrivers.a(uart_irda_cir.o)
 .text.UARTScratchPadRegRead
                0x00000000       0x30 /home/egr/AM335X_StarterWare_02_00_01_01/binary/armv7a/gcc/am335x/drivers/Debug/libdrivers.a(uart_irda_cir.o)
 .text.UARTModuleVersionNumberGet
                0x00000000       0x30 /home/egr/AM335X_StarterWare_02_00_01_01/binary/armv7a/gcc/am335x/drivers/Debug/libdrivers.a(uart_irda_cir.o)
 .text.UARTTxDMAThresholdControl
                0x00000000       0x68 /home/egr/AM335X_StarterWare_02_00_01_01/binary/armv7a/gcc/am335x/drivers/Debug/libdrivers.a(uart_irda_cir.o)
 .text.UARTTxDMAThresholdValConfig
                0x00000000       0x68 /home/egr/AM335X_StarterWare_02_00_01_01/binary/armv7a/gcc/am335x/drivers/Debug/libdrivers.a(uart_irda_cir.o)

Memory Configuration

Name             Origin             Length             Attributes
*default*        0x00000000         0xffffffff

Linker script and memory map

LOAD Debug/Conf_mod.o
LOAD Debug/GPIO.o
LOAD Debug/IRSensors.o
LOAD Debug/T4-A1-3.o
LOAD Debug/delay_ms.o
LOAD Debug/i2c.o
                0x80000000                . = 0x80000000
                0x80000000                . = ALIGN (0x4)

.startcode      0x80000000       0x98
 *init.o(.text)
 .text          0x80000000       0x98 /home/egr/AM335X_StarterWare_02_00_01_01/binary/armv7a/gcc/am335x/system_config/Debug/libsystem_config.a(init.o)
                0x80000000                Entry
                0x80000098                . = ALIGN (0x4)

.text           0x80000098      0x7bc
 *(.text)
 .text          0x80000098      0x47c /home/egr/AM335X_StarterWare_02_00_01_01/binary/armv7a/gcc/am335x/system_config/Debug/libsystem_config.a(cp15.o)
                0x80000098                CP15ICacheDisable
                0x800000a8                CP15DCacheDisable
                0x800000c4                CP15ICacheEnable
                0x800000d4                CP15DCacheEnable
                0x800000e4                CP15DCacheFlush
                0x80000178                CP15DCacheClean
                0x8000020c                CP15DCacheCleanFlush
                0x800002a0                CP15ICacheFlush
                0x800002b0                CP15DCacheCleanBuff
                0x80000304                CP15DCacheCleanFlushBuff
                0x80000358                CP15DCacheFlushBuff
                0x800003bc                CP15ICacheFlushBuff
                0x80000410                CP15Ttb0Set
                0x8000041c                CP15TlbInvalidate
                0x80000428                CP15MMUDisable
                0x80000440                CP15MMUEnable
                0x80000454                CP15VectorBaseAddrSet
                0x80000460                CP15BranchPredictorInvalidate
                0x8000046c                CP15BranchPredictionEnable
                0x8000047c                CP15BranchPredictionDisable
                0x8000048c                CP15DomainAccessClientSet
                0x8000049c                CP15ControlFeatureDisable
                0x800004b0                CP15ControlFeatureEnable
                0x800004c4                CP15TtbCtlTtb0Config
                0x800004d4                CP15AuxControlFeatureEnable
                0x800004e8                CP15AuxControlFeatureDisable
                0x800004fc                CP15MainIdPrimPartNumGet
 .text          0x80000514       0xe0 /home/egr/AM335X_StarterWare_02_00_01_01/binary/armv7a/gcc/am335x/system_config/Debug/libsystem_config.a(exceptionhandler.o)
                0x80000514                SVCHandler
                0x8000053c                IRQHandler
                0x800005d8                FIQHandler
                0x800005dc                UndefInstHandler
                0x800005dc                AbortHandler
 .text          0x800005f4      0x114 /home/egr/gcc-arm-none-eabi-4_8-2013q4/lib/gcc/arm-none-eabi/4.8.3//libgcc.a(_udivsi3.o)
                0x800005f4                __udivsi3
                0x800005f4                __aeabi_uidiv
                0x800006e8                __aeabi_uidivmod
 .text          0x80000708      0x148 /home/egr/gcc-arm-none-eabi-4_8-2013q4/lib/gcc/arm-none-eabi/4.8.3//libgcc.a(_divsi3.o)
                0x80000708                __aeabi_idiv
                0x80000708                __divsi3
                0x80000830                __aeabi_idivmod
 .text          0x80000850        0x4 /home/egr/gcc-arm-none-eabi-4_8-2013q4/lib/gcc/arm-none-eabi/4.8.3//libgcc.a(_dvmd_tls.o)
                0x80000850                __aeabi_ldiv0
                0x80000850                __aeabi_idiv0

.glue_7         0x80000854        0x0
 .glue_7        0x00000000        0x0 linker stubs

.glue_7t        0x80000854        0x0
 .glue_7t       0x00000000        0x0 linker stubs

.vfp11_veneer   0x80000854        0x0
 .vfp11_veneer  0x00000000        0x0 linker stubs

.v4_bx          0x80000854        0x0
 .v4_bx         0x00000000        0x0 linker stubs

.text.PinMuxing
                0x80000854      0x150
 .text.PinMuxing
                0x80000854      0x150 Debug/Conf_mod.o
                0x80000854                PinMuxing

.iplt           0x800009a4        0x0
 .iplt          0x00000000        0x0 Debug/Conf_mod.o

.text.initialization
                0x800009a4       0xb4
 .text.initialization
                0x800009a4       0xb4 Debug/IRSensors.o
                0x800009a4                initialization

.text.read_isrsensor
                0x80000a58      0x17c
 .text.read_isrsensor
                0x80000a58      0x17c Debug/IRSensors.o
                0x80000a58                read_isrsensor

.text.main      0x80000bd4      0x198
 .text.main     0x80000bd4      0x198 Debug/T4-A1-3.o
                0x80000bd4                main

.text.delay_ms  0x80000d6c       0x48
 .text.delay_ms
                0x80000d6c       0x48 Debug/delay_ms.o
                0x80000d6c                delay_ms

.text.delay_us  0x80000db4       0x4c
 .text.delay_us
                0x80000db4       0x4c Debug/delay_ms.o
                0x80000db4                delay_us

.text.initi2c   0x80000e00      0x1b8
 .text.initi2c  0x80000e00      0x1b8 Debug/i2c.o
                0x80000e00                initi2c

.text.writetoi2c
                0x80000fb8      0x158
 .text.writetoi2c
                0x80000fb8      0x158 Debug/i2c.o
                0x80000fb8                writetoi2c

.text.readfromi2c
                0x80001110      0x168
 .text.readfromi2c
                0x80001110      0x168 Debug/i2c.o
                0x80001110                readfromi2c

.text.I2CIsr    0x80001278       0xfc
 .text.I2CIsr   0x80001278       0xfc Debug/i2c.o
                0x80001278                I2CIsr

.text.UARTPutc  0x80001374       0x30
 .text.UARTPutc
                0x80001374       0x30 /home/egr/AM335X_StarterWare_02_00_01_01/binary/armv7a/gcc/utils/Debug/libutils.a(uartStdio.o)
                0x80001374                UARTPutc

.text.UARTwrite
                0x800013a4       0x94
 .text.UARTwrite
                0x800013a4       0x94 /home/egr/AM335X_StarterWare_02_00_01_01/binary/armv7a/gcc/utils/Debug/libutils.a(uartStdio.o)
                0x800013a4                UARTwrite

.text.UARTprintf
                0x80001438      0x6d0
 .text.UARTprintf
                0x80001438      0x6d0 /home/egr/AM335X_StarterWare_02_00_01_01/binary/armv7a/gcc/utils/Debug/libutils.a(uartStdio.o)
                0x80001438                UARTprintf

.text.UARTConsolePutc
                0x80001b08       0x38
 .text.UARTConsolePutc
                0x80001b08       0x38 /home/egr/AM335X_StarterWare_02_00_01_01/binary/armv7a/gcc/am335x/beaglebone/platform/Debug/libplatform.a(uartConsole.o)
                0x80001b08                UARTConsolePutc

.text.IntDefaultHandler
                0x80001b40       0x14
 .text.IntDefaultHandler
                0x80001b40       0x14 /home/egr/AM335X_StarterWare_02_00_01_01/binary/armv7a/gcc/am335x/system_config/Debug/libsystem_config.a(interrupt.o)

.text.IntRegister
                0x80001b54       0x34
 .text.IntRegister
                0x80001b54       0x34 /home/egr/AM335X_StarterWare_02_00_01_01/binary/armv7a/gcc/am335x/system_config/Debug/libsystem_config.a(interrupt.o)
                0x80001b54                IntRegister

.text.IntAINTCInit
                0x80001b88       0x8c
 .text.IntAINTCInit
                0x80001b88       0x8c /home/egr/AM335X_StarterWare_02_00_01_01/binary/armv7a/gcc/am335x/system_config/Debug/libsystem_config.a(interrupt.o)
                0x80001b88                IntAINTCInit

.text.IntPrioritySet
                0x80001c14       0x54
 .text.IntPrioritySet
                0x80001c14       0x54 /home/egr/AM335X_StarterWare_02_00_01_01/binary/armv7a/gcc/am335x/system_config/Debug/libsystem_config.a(interrupt.o)
                0x80001c14                IntPrioritySet

.text.IntSystemEnable
                0x80001c68       0x4c
 .text.IntSystemEnable
                0x80001c68       0x4c /home/egr/AM335X_StarterWare_02_00_01_01/binary/armv7a/gcc/am335x/system_config/Debug/libsystem_config.a(interrupt.o)
                0x80001c68                IntSystemEnable

.text.IntMasterIRQEnable
                0x80001cb4       0x18
 .text.IntMasterIRQEnable
                0x80001cb4       0x18 /home/egr/AM335X_StarterWare_02_00_01_01/binary/armv7a/gcc/am335x/system_config/Debug/libsystem_config.a(interrupt.o)
                0x80001cb4                IntMasterIRQEnable

.text.start_boot
                0x80001ccc       0x24
 .text.start_boot
                0x80001ccc       0x24 /home/egr/AM335X_StarterWare_02_00_01_01/binary/armv7a/gcc/am335x/system_config/Debug/libsystem_config.a(startup.o)
                0x80001ccc                start_boot

.text.CopyVectorTable
                0x80001cf0       0x98
 .text.CopyVectorTable
                0x80001cf0       0x98 /home/egr/AM335X_StarterWare_02_00_01_01/binary/armv7a/gcc/am335x/system_config/Debug/libsystem_config.a(startup.o)

.text.CPUirqe   0x80001d88       0x20
 .text.CPUirqe  0x80001d88       0x20 /home/egr/AM335X_StarterWare_02_00_01_01/binary/armv7a/gcc/am335x/system_config/Debug/libsystem_config.a(cpu.o)
                0x80001d88                CPUirqe

.text.UARTRegConfigModeEnable
                0x80001da8       0xac
 .text.UARTRegConfigModeEnable
                0x80001da8       0xac /home/egr/AM335X_StarterWare_02_00_01_01/binary/armv7a/gcc/am335x/drivers/Debug/libdrivers.a(uart_irda_cir.o)
                0x80001da8                UARTRegConfigModeEnable

.text.UARTCharPut
                0x80001e54       0x7c
 .text.UARTCharPut
                0x80001e54       0x7c /home/egr/AM335X_StarterWare_02_00_01_01/binary/armv7a/gcc/am335x/drivers/Debug/libdrivers.a(uart_irda_cir.o)
                0x80001e54                UARTCharPut

.rodata         0x80001ed0       0x38
 .rodata        0x80001ed0       0x18 Debug/T4-A1-3.o
 .rodata        0x80001ee8       0x20 /home/egr/AM335X_StarterWare_02_00_01_01/binary/armv7a/gcc/utils/Debug/libutils.a(uartStdio.o)

.rodata.g_pcHex
                0x80001f08        0x4
 .rodata.g_pcHex
                0x80001f08        0x4 /home/egr/AM335X_StarterWare_02_00_01_01/binary/armv7a/gcc/utils/Debug/libutils.a(uartStdio.o)

.rodata.AM335X_VECTOR_BASE
                0x80001f0c        0x4
 .rodata.AM335X_VECTOR_BASE
                0x80001f0c        0x4 /home/egr/AM335X_StarterWare_02_00_01_01/binary/armv7a/gcc/am335x/system_config/Debug/libsystem_config.a(startup.o)
                0x80001f0c                AM335X_VECTOR_BASE

.rodata.vecTbl  0x80001f10       0x38
 .rodata.vecTbl
                0x80001f10       0x38 /home/egr/AM335X_StarterWare_02_00_01_01/binary/armv7a/gcc/am335x/system_config/Debug/libsystem_config.a(startup.o)

.rel.dyn        0x80001f48        0x0
 .rel.iplt      0x00000000        0x0 Debug/Conf_mod.o
                0x80001f48                . = ALIGN (0x4)

.data
 *(.data)

.igot.plt       0x80001f48        0x0
 .igot.plt      0x00000000        0x0 Debug/Conf_mod.o

.data.sla_address
                0x80001f48        0x4
 .data.sla_address
                0x80001f48        0x4 Debug/IRSensors.o
                0x80001f48                sla_address

.data.count1    0x80001f4c        0x1
 .data.count1   0x80001f4c        0x1 Debug/IRSensors.o
                0x80001f4c                count1

.data.count2    0x80001f4d        0x1
 .data.count2   0x80001f4d        0x1 Debug/IRSensors.o
                0x80001f4d                count2
                0x80001f50                . = ALIGN (0x4)
                0x80001f50                _bss_start = .

.bss            0x80001f50      0x284
 *(.bss)
 COMMON         0x80001f50       0x11 Debug/IRSensors.o
                0x80001f50                stp
                0x80001f54                datarr1
                0x80001f58                datat1
                0x80001f5c                data3
                0x80001f60                datarw1
 *fill*         0x80001f61        0x3 
 COMMON         0x80001f64       0x70 Debug/i2c.o
                0x80001f64                dataSnd
                0x80001f98                transCount
                0x80001f9c                dataRecv
                0x80001fd0                recvCount
 COMMON         0x80001fd4      0x200 /home/egr/AM335X_StarterWare_02_00_01_01/binary/armv7a/gcc/am335x/system_config/Debug/libsystem_config.a(interrupt.o)
                0x80001fd4                fnRAMVectors
                0x800021d4                . = ALIGN (0x4)
                0x800021d4                _bss_end = .
                0x87fffff8                _stack = 0x87fffff8
LOAD /home/egr/AM335X_StarterWare_02_00_01_01/binary/armv7a/gcc/am335x/drivers/Debug/libdrivers.a
LOAD /home/egr/AM335X_StarterWare_02_00_01_01/binary/armv7a/gcc/utils/Debug/libutils.a
LOAD /home/egr/AM335X_StarterWare_02_00_01_01/binary/armv7a/gcc/am335x/beaglebone/platform/Debug/libplatform.a
LOAD /home/egr/AM335X_StarterWare_02_00_01_01/binary/armv7a/gcc/am335x/system_config/Debug/libsystem_config.a
LOAD /home/egr/gcc-arm-none-eabi-4_8-2013q4/arm-none-eabi/lib//libc.a
LOAD /home/egr/gcc-arm-none-eabi-4_8-2013q4/lib/gcc/arm-none-eabi/4.8.3//libgcc.a
LOAD /home/egr/gcc-arm-none-eabi-4_8-2013q4/arm-none-eabi/lib//libm.a
LOAD /home/egr/AM335X_StarterWare_02_00_01_01/binary/armv7a/gcc/am335x/drivers/Debug/libdrivers.a
LOAD /home/egr/AM335X_StarterWare_02_00_01_01/binary/armv7a/gcc/utils/Debug/libutils.a
LOAD /home/egr/AM335X_StarterWare_02_00_01_01/binary/armv7a/gcc/am335x/beaglebone/platform/Debug/libplatform.a
LOAD /home/egr/AM335X_StarterWare_02_00_01_01/binary/armv7a/gcc/am335x/system_config/Debug/libsystem_config.a
LOAD /home/egr/gcc-arm-none-eabi-4_8-2013q4/arm-none-eabi/lib//libc.a
LOAD /home/egr/gcc-arm-none-eabi-4_8-2013q4/lib/gcc/arm-none-eabi/4.8.3//libgcc.a
LOAD /home/egr/gcc-arm-none-eabi-4_8-2013q4/arm-none-eabi/lib//libm.a
OUTPUT(Debug/EGR_run.out elf32-littlearm)

.debug_info     0x00000000     0x24df
 .debug_info    0x00000000       0x82 Debug/Conf_mod.o
 .debug_info    0x00000082      0x120 Debug/IRSensors.o
 .debug_info    0x000001a2       0x49 Debug/T4-A1-3.o
 .debug_info    0x000001eb       0x90 Debug/delay_ms.o
 .debug_info    0x0000027b      0x1e1 Debug/i2c.o
 .debug_info    0x0000045c      0x468 /home/egr/AM335X_StarterWare_02_00_01_01/binary/armv7a/gcc/utils/Debug/libutils.a(uartStdio.o)
 .debug_info    0x000008c4      0x149 /home/egr/AM335X_StarterWare_02_00_01_01/binary/armv7a/gcc/am335x/beaglebone/platform/Debug/libplatform.a(uartConsole.o)
 .debug_info    0x00000a0d       0xa4 /home/egr/AM335X_StarterWare_02_00_01_01/binary/armv7a/gcc/am335x/system_config/Debug/libsystem_config.a(init.o)
 .debug_info    0x00000ab1      0x44c /home/egr/AM335X_StarterWare_02_00_01_01/binary/armv7a/gcc/am335x/system_config/Debug/libsystem_config.a(interrupt.o)
 .debug_info    0x00000efd       0xda /home/egr/AM335X_StarterWare_02_00_01_01/binary/armv7a/gcc/am335x/system_config/Debug/libsystem_config.a(startup.o)
 .debug_info    0x00000fd7       0xa4 /home/egr/AM335X_StarterWare_02_00_01_01/binary/armv7a/gcc/am335x/system_config/Debug/libsystem_config.a(cp15.o)
 .debug_info    0x0000107b       0xf0 /home/egr/AM335X_StarterWare_02_00_01_01/binary/armv7a/gcc/am335x/system_config/Debug/libsystem_config.a(cpu.o)
 .debug_info    0x0000116b       0xb7 /home/egr/AM335X_StarterWare_02_00_01_01/binary/armv7a/gcc/am335x/system_config/Debug/libsystem_config.a(exceptionhandler.o)
 .debug_info    0x00001222     0x12bd /home/egr/AM335X_StarterWare_02_00_01_01/binary/armv7a/gcc/am335x/drivers/Debug/libdrivers.a(uart_irda_cir.o)

.debug_abbrev   0x00000000      0x804
 .debug_abbrev  0x00000000       0x48 Debug/Conf_mod.o
 .debug_abbrev  0x00000048       0x81 Debug/IRSensors.o
 .debug_abbrev  0x000000c9       0x42 Debug/T4-A1-3.o
 .debug_abbrev  0x0000010b       0x76 Debug/delay_ms.o
 .debug_abbrev  0x00000181       0xfd Debug/i2c.o
 .debug_abbrev  0x0000027e      0x18a /home/egr/AM335X_StarterWare_02_00_01_01/binary/armv7a/gcc/utils/Debug/libutils.a(uartStdio.o)
 .debug_abbrev  0x00000408       0x97 /home/egr/AM335X_StarterWare_02_00_01_01/binary/armv7a/gcc/am335x/beaglebone/platform/Debug/libplatform.a(uartConsole.o)
 .debug_abbrev  0x0000049f       0x14 /home/egr/AM335X_StarterWare_02_00_01_01/binary/armv7a/gcc/am335x/system_config/Debug/libsystem_config.a(init.o)
 .debug_abbrev  0x000004b3      0x14b /home/egr/AM335X_StarterWare_02_00_01_01/binary/armv7a/gcc/am335x/system_config/Debug/libsystem_config.a(interrupt.o)
 .debug_abbrev  0x000005fe       0xa7 /home/egr/AM335X_StarterWare_02_00_01_01/binary/armv7a/gcc/am335x/system_config/Debug/libsystem_config.a(startup.o)
 .debug_abbrev  0x000006a5       0x14 /home/egr/AM335X_StarterWare_02_00_01_01/binary/armv7a/gcc/am335x/system_config/Debug/libsystem_config.a(cp15.o)
 .debug_abbrev  0x000006b9       0x5e /home/egr/AM335X_StarterWare_02_00_01_01/binary/armv7a/gcc/am335x/system_config/Debug/libsystem_config.a(cpu.o)
 .debug_abbrev  0x00000717       0x14 /home/egr/AM335X_StarterWare_02_00_01_01/binary/armv7a/gcc/am335x/system_config/Debug/libsystem_config.a(exceptionhandler.o)
 .debug_abbrev  0x0000072b       0xd9 /home/egr/AM335X_StarterWare_02_00_01_01/binary/armv7a/gcc/am335x/drivers/Debug/libdrivers.a(uart_irda_cir.o)

.debug_aranges  0x00000000      0x5b0
 .debug_aranges
                0x00000000       0x20 Debug/Conf_mod.o
 .debug_aranges
                0x00000020       0x28 Debug/IRSensors.o
 .debug_aranges
                0x00000048       0x20 Debug/T4-A1-3.o
 .debug_aranges
                0x00000068       0x28 Debug/delay_ms.o
 .debug_aranges
                0x00000090       0x40 Debug/i2c.o
 .debug_aranges
                0x000000d0       0x70 /home/egr/AM335X_StarterWare_02_00_01_01/binary/armv7a/gcc/utils/Debug/libutils.a(uartStdio.o)
 .debug_aranges
                0x00000140       0x48 /home/egr/AM335X_StarterWare_02_00_01_01/binary/armv7a/gcc/am335x/beaglebone/platform/Debug/libplatform.a(uartConsole.o)
 .debug_aranges
                0x00000188       0x20 /home/egr/AM335X_StarterWare_02_00_01_01/binary/armv7a/gcc/am335x/system_config/Debug/libsystem_config.a(init.o)
 .debug_aranges
                0x000001a8      0x110 /home/egr/AM335X_StarterWare_02_00_01_01/binary/armv7a/gcc/am335x/system_config/Debug/libsystem_config.a(interrupt.o)
 .debug_aranges
                0x000002b8       0x28 /home/egr/AM335X_StarterWare_02_00_01_01/binary/armv7a/gcc/am335x/system_config/Debug/libsystem_config.a(startup.o)
 .debug_aranges
                0x000002e0       0x20 /home/egr/AM335X_StarterWare_02_00_01_01/binary/armv7a/gcc/am335x/system_config/Debug/libsystem_config.a(cp15.o)
 .debug_aranges
                0x00000300       0x58 /home/egr/AM335X_StarterWare_02_00_01_01/binary/armv7a/gcc/am335x/system_config/Debug/libsystem_config.a(cpu.o)
 .debug_aranges
                0x00000358       0x20 /home/egr/AM335X_StarterWare_02_00_01_01/binary/armv7a/gcc/am335x/system_config/Debug/libsystem_config.a(exceptionhandler.o)
 .debug_aranges
                0x00000378      0x238 /home/egr/AM335X_StarterWare_02_00_01_01/binary/armv7a/gcc/am335x/drivers/Debug/libdrivers.a(uart_irda_cir.o)

.debug_ranges   0x00000000      0x4d0
 .debug_ranges  0x00000000       0x10 Debug/Conf_mod.o
 .debug_ranges  0x00000010       0x18 Debug/IRSensors.o
 .debug_ranges  0x00000028       0x10 Debug/T4-A1-3.o
 .debug_ranges  0x00000038       0x18 Debug/delay_ms.o
 .debug_ranges  0x00000050       0x30 Debug/i2c.o
 .debug_ranges  0x00000080       0x68 /home/egr/AM335X_StarterWare_02_00_01_01/binary/armv7a/gcc/utils/Debug/libutils.a(uartStdio.o)
 .debug_ranges  0x000000e8       0x40 /home/egr/AM335X_StarterWare_02_00_01_01/binary/armv7a/gcc/am335x/beaglebone/platform/Debug/libplatform.a(uartConsole.o)
 .debug_ranges  0x00000128      0x108 /home/egr/AM335X_StarterWare_02_00_01_01/binary/armv7a/gcc/am335x/system_config/Debug/libsystem_config.a(interrupt.o)
 .debug_ranges  0x00000230       0x20 /home/egr/AM335X_StarterWare_02_00_01_01/binary/armv7a/gcc/am335x/system_config/Debug/libsystem_config.a(startup.o)
 .debug_ranges  0x00000250       0x50 /home/egr/AM335X_StarterWare_02_00_01_01/binary/armv7a/gcc/am335x/system_config/Debug/libsystem_config.a(cpu.o)
 .debug_ranges  0x000002a0      0x230 /home/egr/AM335X_StarterWare_02_00_01_01/binary/armv7a/gcc/am335x/drivers/Debug/libdrivers.a(uart_irda_cir.o)

.debug_line     0x00000000     0x129a
 .debug_line    0x00000000       0x50 Debug/Conf_mod.o
 .debug_line    0x00000050       0x6a Debug/IRSensors.o
 .debug_line    0x000000ba       0x55 Debug/T4-A1-3.o
 .debug_line    0x0000010f       0x60 Debug/delay_ms.o
 .debug_line    0x0000016f       0xf5 Debug/i2c.o
 .debug_line    0x00000264      0x23f /home/egr/AM335X_StarterWare_02_00_01_01/binary/armv7a/gcc/utils/Debug/libutils.a(uartStdio.o)
 .debug_line    0x000004a3       0xd2 /home/egr/AM335X_StarterWare_02_00_01_01/binary/armv7a/gcc/am335x/beaglebone/platform/Debug/libplatform.a(uartConsole.o)
 .debug_line    0x00000575       0x81 /home/egr/AM335X_StarterWare_02_00_01_01/binary/armv7a/gcc/am335x/system_config/Debug/libsystem_config.a(init.o)
 .debug_line    0x000005f6      0x294 /home/egr/AM335X_StarterWare_02_00_01_01/binary/armv7a/gcc/am335x/system_config/Debug/libsystem_config.a(interrupt.o)
 .debug_line    0x0000088a       0x82 /home/egr/AM335X_StarterWare_02_00_01_01/binary/armv7a/gcc/am335x/system_config/Debug/libsystem_config.a(startup.o)
 .debug_line    0x0000090c      0x187 /home/egr/AM335X_StarterWare_02_00_01_01/binary/armv7a/gcc/am335x/system_config/Debug/libsystem_config.a(cp15.o)
 .debug_line    0x00000a93       0xde /home/egr/AM335X_StarterWare_02_00_01_01/binary/armv7a/gcc/am335x/system_config/Debug/libsystem_config.a(cpu.o)
 .debug_line    0x00000b71       0xab /home/egr/AM335X_StarterWare_02_00_01_01/binary/armv7a/gcc/am335x/system_config/Debug/libsystem_config.a(exceptionhandler.o)
 .debug_line    0x00000c1c      0x67e /home/egr/AM335X_StarterWare_02_00_01_01/binary/armv7a/gcc/am335x/drivers/Debug/libdrivers.a(uart_irda_cir.o)

.debug_str      0x00000000     0x11b4
 .debug_str     0x00000000      0x142 Debug/Conf_mod.o
 .debug_str     0x00000142       0x6f Debug/IRSensors.o
                                0x168 (size before relaxing)
 .debug_str     0x000001b1       0x14 Debug/T4-A1-3.o
                                 0xfb (size before relaxing)
 .debug_str     0x000001c5       0x29 Debug/delay_ms.o
                                0x10f (size before relaxing)
 .debug_str     0x000001ee       0xa3 Debug/i2c.o
                                0x1b1 (size before relaxing)
 .debug_str     0x00000291      0x1c0 /home/egr/AM335X_StarterWare_02_00_01_01/binary/armv7a/gcc/utils/Debug/libutils.a(uartStdio.o)
                                0x1ee (size before relaxing)
 .debug_str     0x00000451      0x125 /home/egr/AM335X_StarterWare_02_00_01_01/binary/armv7a/gcc/am335x/beaglebone/platform/Debug/libplatform.a(uartConsole.o)
                                0x151 (size before relaxing)
 .debug_str     0x00000576      0x2f0 /home/egr/AM335X_StarterWare_02_00_01_01/binary/armv7a/gcc/am335x/system_config/Debug/libsystem_config.a(interrupt.o)
                                0x333 (size before relaxing)
 .debug_str     0x00000866       0x70 /home/egr/AM335X_StarterWare_02_00_01_01/binary/armv7a/gcc/am335x/system_config/Debug/libsystem_config.a(startup.o)
                                 0xe8 (size before relaxing)
 .debug_str     0x000008d6       0x9f /home/egr/AM335X_StarterWare_02_00_01_01/binary/armv7a/gcc/am335x/system_config/Debug/libsystem_config.a(cpu.o)
                                0x103 (size before relaxing)
 .debug_str     0x00000975      0x83f /home/egr/AM335X_StarterWare_02_00_01_01/binary/armv7a/gcc/am335x/drivers/Debug/libdrivers.a(uart_irda_cir.o)
                                0x89a (size before relaxing)

.comment        0x00000000      0x172
 .comment       0x00000000       0x70 Debug/Conf_mod.o
                                 0x71 (size before relaxing)
 .comment       0x00000000       0x71 Debug/IRSensors.o
 .comment       0x00000000       0x71 Debug/T4-A1-3.o
 .comment       0x00000000       0x71 Debug/delay_ms.o
 .comment       0x00000000       0x71 Debug/i2c.o
 .comment       0x00000070       0x2b /home/egr/AM335X_StarterWare_02_00_01_01/binary/armv7a/gcc/utils/Debug/libutils.a(uartStdio.o)
 .comment       0x0000009b       0x2b /home/egr/AM335X_StarterWare_02_00_01_01/binary/armv7a/gcc/am335x/beaglebone/platform/Debug/libplatform.a(uartConsole.o)
 .comment       0x000000c6       0x2b /home/egr/AM335X_StarterWare_02_00_01_01/binary/armv7a/gcc/am335x/system_config/Debug/libsystem_config.a(interrupt.o)
 .comment       0x000000f1       0x2b /home/egr/AM335X_StarterWare_02_00_01_01/binary/armv7a/gcc/am335x/system_config/Debug/libsystem_config.a(startup.o)
 .comment       0x0000011c       0x2b /home/egr/AM335X_StarterWare_02_00_01_01/binary/armv7a/gcc/am335x/system_config/Debug/libsystem_config.a(cpu.o)
 .comment       0x00000147       0x2b /home/egr/AM335X_StarterWare_02_00_01_01/binary/armv7a/gcc/am335x/drivers/Debug/libdrivers.a(uart_irda_cir.o)

.ARM.attributes
                0x00000000       0x35
 .ARM.attributes
                0x00000000       0x37 Debug/Conf_mod.o
 .ARM.attributes
                0x00000037       0x37 Debug/IRSensors.o
 .ARM.attributes
                0x0000006e       0x37 Debug/T4-A1-3.o
 .ARM.attributes
                0x000000a5       0x37 Debug/delay_ms.o
 .ARM.attributes
                0x000000dc       0x37 Debug/i2c.o
 .ARM.attributes
                0x00000113       0x33 /home/egr/AM335X_StarterWare_02_00_01_01/binary/armv7a/gcc/utils/Debug/libutils.a(uartStdio.o)
 .ARM.attributes
                0x00000146       0x33 /home/egr/AM335X_StarterWare_02_00_01_01/binary/armv7a/gcc/am335x/beaglebone/platform/Debug/libplatform.a(uartConsole.o)
 .ARM.attributes
                0x00000179       0x23 /home/egr/AM335X_StarterWare_02_00_01_01/binary/armv7a/gcc/am335x/system_config/Debug/libsystem_config.a(init.o)
 .ARM.attributes
                0x0000019c       0x33 /home/egr/AM335X_StarterWare_02_00_01_01/binary/armv7a/gcc/am335x/system_config/Debug/libsystem_config.a(interrupt.o)
 .ARM.attributes
                0x000001cf       0x33 /home/egr/AM335X_StarterWare_02_00_01_01/binary/armv7a/gcc/am335x/system_config/Debug/libsystem_config.a(startup.o)
 .ARM.attributes
                0x00000202       0x23 /home/egr/AM335X_StarterWare_02_00_01_01/binary/armv7a/gcc/am335x/system_config/Debug/libsystem_config.a(cp15.o)
 .ARM.attributes
                0x00000225       0x33 /home/egr/AM335X_StarterWare_02_00_01_01/binary/armv7a/gcc/am335x/system_config/Debug/libsystem_config.a(cpu.o)
 .ARM.attributes
                0x00000258       0x23 /home/egr/AM335X_StarterWare_02_00_01_01/binary/armv7a/gcc/am335x/system_config/Debug/libsystem_config.a(exceptionhandler.o)
 .ARM.attributes
                0x0000027b       0x18 /home/egr/gcc-arm-none-eabi-4_8-2013q4/lib/gcc/arm-none-eabi/4.8.3//libgcc.a(_udivsi3.o)
 .ARM.attributes
                0x00000293       0x18 /home/egr/gcc-arm-none-eabi-4_8-2013q4/lib/gcc/arm-none-eabi/4.8.3//libgcc.a(_divsi3.o)
 .ARM.attributes
                0x000002ab       0x18 /home/egr/gcc-arm-none-eabi-4_8-2013q4/lib/gcc/arm-none-eabi/4.8.3//libgcc.a(_dvmd_tls.o)
 .ARM.attributes
                0x000002c3       0x33 /home/egr/AM335X_StarterWare_02_00_01_01/binary/armv7a/gcc/am335x/drivers/Debug/libdrivers.a(uart_irda_cir.o)

.debug_frame    0x00000000      0xedc
 .debug_frame   0x00000000       0x28 Debug/Conf_mod.o
 .debug_frame   0x00000028       0x48 Debug/IRSensors.o
 .debug_frame   0x00000070       0x3c Debug/T4-A1-3.o
 .debug_frame   0x000000ac       0x40 Debug/delay_ms.o
 .debug_frame   0x000000ec       0x94 Debug/i2c.o
 .debug_frame   0x00000180      0x154 /home/egr/AM335X_StarterWare_02_00_01_01/binary/armv7a/gcc/utils/Debug/libutils.a(uartStdio.o)
 .debug_frame   0x000002d4       0xb8 /home/egr/AM335X_StarterWare_02_00_01_01/binary/armv7a/gcc/am335x/beaglebone/platform/Debug/libplatform.a(uartConsole.o)
 .debug_frame   0x0000038c      0x314 /home/egr/AM335X_StarterWare_02_00_01_01/binary/armv7a/gcc/am335x/system_config/Debug/libsystem_config.a(interrupt.o)
 .debug_frame   0x000006a0       0x48 /home/egr/AM335X_StarterWare_02_00_01_01/binary/armv7a/gcc/am335x/system_config/Debug/libsystem_config.a(startup.o)
 .debug_frame   0x000006e8       0xd0 /home/egr/AM335X_StarterWare_02_00_01_01/binary/armv7a/gcc/am335x/system_config/Debug/libsystem_config.a(cpu.o)
 .debug_frame   0x000007b8       0x20 /home/egr/gcc-arm-none-eabi-4_8-2013q4/lib/gcc/arm-none-eabi/4.8.3//libgcc.a(_udivsi3.o)
 .debug_frame   0x000007d8       0x20 /home/egr/gcc-arm-none-eabi-4_8-2013q4/lib/gcc/arm-none-eabi/4.8.3//libgcc.a(_divsi3.o)
 .debug_frame   0x000007f8      0x6e4 /home/egr/AM335X_StarterWare_02_00_01_01/binary/armv7a/gcc/am335x/drivers/Debug/libdrivers.a(uart_irda_cir.o)

.debug_loc      0x00000000     0x1536
 .debug_loc     0x00000000      0x1e5 /home/egr/AM335X_StarterWare_02_00_01_01/binary/armv7a/gcc/utils/Debug/libutils.a(uartStdio.o)
 .debug_loc     0x000001e5      0x102 /home/egr/AM335X_StarterWare_02_00_01_01/binary/armv7a/gcc/am335x/beaglebone/platform/Debug/libplatform.a(uartConsole.o)
 .debug_loc     0x000002e7      0x535 /home/egr/AM335X_StarterWare_02_00_01_01/binary/armv7a/gcc/am335x/system_config/Debug/libsystem_config.a(interrupt.o)
 .debug_loc     0x0000081c       0x56 /home/egr/AM335X_StarterWare_02_00_01_01/binary/armv7a/gcc/am335x/system_config/Debug/libsystem_config.a(startup.o)
 .debug_loc     0x00000872      0x158 /home/egr/AM335X_StarterWare_02_00_01_01/binary/armv7a/gcc/am335x/system_config/Debug/libsystem_config.a(cpu.o)
 .debug_loc     0x000009ca      0xb6c /home/egr/AM335X_StarterWare_02_00_01_01/binary/armv7a/gcc/am335x/drivers/Debug/libdrivers.a(uart_irda_cir.o)

.debug_pubnames
                0x00000000      0xba0
 .debug_pubnames
                0x00000000       0xb7 /home/egr/AM335X_StarterWare_02_00_01_01/binary/armv7a/gcc/utils/Debug/libutils.a(uartStdio.o)
 .debug_pubnames
                0x000000b7       0x4e /home/egr/AM335X_StarterWare_02_00_01_01/binary/armv7a/gcc/am335x/beaglebone/platform/Debug/libplatform.a(uartConsole.o)
 .debug_pubnames
                0x00000105      0x2cc /home/egr/AM335X_StarterWare_02_00_01_01/binary/armv7a/gcc/am335x/system_config/Debug/libsystem_config.a(interrupt.o)
 .debug_pubnames
                0x000003d1       0x38 /home/egr/AM335X_StarterWare_02_00_01_01/binary/armv7a/gcc/am335x/system_config/Debug/libsystem_config.a(startup.o)
 .debug_pubnames
                0x00000409       0x9d /home/egr/AM335X_StarterWare_02_00_01_01/binary/armv7a/gcc/am335x/system_config/Debug/libsystem_config.a(cpu.o)
 .debug_pubnames
                0x000004a6      0x6fa /home/egr/AM335X_StarterWare_02_00_01_01/binary/armv7a/gcc/am335x/drivers/Debug/libdrivers.a(uart_irda_cir.o)
